ARM GAS  /tmp/cc1fjXqI.s 			page 1


   1              		.cpu cortex-m4
   2              		.arch armv7e-m
   3              		.fpu fpv4-sp-d16
   4              		.eabi_attribute 27, 1
   5              		.eabi_attribute 28, 1
   6              		.eabi_attribute 20, 1
   7              		.eabi_attribute 21, 1
   8              		.eabi_attribute 23, 3
   9              		.eabi_attribute 24, 1
  10              		.eabi_attribute 25, 1
  11              		.eabi_attribute 26, 1
  12              		.eabi_attribute 30, 1
  13              		.eabi_attribute 34, 1
  14              		.eabi_attribute 18, 4
  15              		.file	"sys_log_mutex.c"
  16              		.text
  17              	.Ltext0:
  18              		.cfi_sections	.debug_frame
  19              		.file 1 "system/sys_log/sys_log_mutex.c"
  20              		.section	.rodata.sys_log_mutex_create.str1.4,"aMS",%progbits,1
  21              		.align	2
  22              	.LC0:
  23 0000 4572726F 		.ascii	"Error creating a mutex!\000"
  23      72206372 
  23      65617469 
  23      6E672061 
  23      206D7574 
  24              		.align	2
  25              	.LC1:
  26 0018 53797374 		.ascii	"System Log\000"
  26      656D204C 
  26      6F6700
  27              		.section	.text.sys_log_mutex_create,"ax",%progbits
  28              		.align	1
  29              		.global	sys_log_mutex_create
  30              		.syntax unified
  31              		.thumb
  32              		.thumb_func
  34              	sys_log_mutex_create:
  35              	.LFB6:
   1:system/sys_log/sys_log_mutex.c **** /*
   2:system/sys_log/sys_log_mutex.c ****  * sys_log_mutes.h
   3:system/sys_log/sys_log_mutex.c ****  * 
   4:system/sys_log/sys_log_mutex.c ****  * Copyright (C) 2020, SpaceLab.
   5:system/sys_log/sys_log_mutex.c ****  * 
   6:system/sys_log/sys_log_mutex.c ****  * This file is part of EPS 2.0.
   7:system/sys_log/sys_log_mutex.c ****  * 
   8:system/sys_log/sys_log_mutex.c ****  * EPS 2.0 is free software: you can redistribute it and/or modify
   9:system/sys_log/sys_log_mutex.c ****  * it under the terms of the GNU General Public License as published by
  10:system/sys_log/sys_log_mutex.c ****  * the Free Software Foundation, either version 3 of the License, or
  11:system/sys_log/sys_log_mutex.c ****  * (at your option) any later version.
  12:system/sys_log/sys_log_mutex.c ****  * 
  13:system/sys_log/sys_log_mutex.c ****  * EPS 2.0 is distributed in the hope that it will be useful,
  14:system/sys_log/sys_log_mutex.c ****  * but WITHOUT ANY WARRANTY; without even the implied warranty of
  15:system/sys_log/sys_log_mutex.c ****  * MERCHANTABILITY or FITNESS FOR A PARTICULAR PURPOSE.  See the
  16:system/sys_log/sys_log_mutex.c ****  * GNU General Public License for more details.
  17:system/sys_log/sys_log_mutex.c ****  * 
ARM GAS  /tmp/cc1fjXqI.s 			page 2


  18:system/sys_log/sys_log_mutex.c ****  * You should have received a copy of the GNU General Public License
  19:system/sys_log/sys_log_mutex.c ****  * along with EPS 2.0. If not, see <http://www.gnu.org/licenses/>.
  20:system/sys_log/sys_log_mutex.c ****  * 
  21:system/sys_log/sys_log_mutex.c ****  */
  22:system/sys_log/sys_log_mutex.c **** 
  23:system/sys_log/sys_log_mutex.c **** /**
  24:system/sys_log/sys_log_mutex.c ****  * \brief System log mutex implementation.
  25:system/sys_log/sys_log_mutex.c ****  *
  26:system/sys_log/sys_log_mutex.c ****  * \author Gabriel Mariano Marcelino <gabriel.mm8@gmail.com>
  27:system/sys_log/sys_log_mutex.c ****  *
  28:system/sys_log/sys_log_mutex.c ****  * \version 0.1.0
  29:system/sys_log/sys_log_mutex.c ****  *
  30:system/sys_log/sys_log_mutex.c ****  * \date 2020/10/22
  31:system/sys_log/sys_log_mutex.c ****  *
  32:system/sys_log/sys_log_mutex.c ****  * \defgroup sys_log_mutex Mutex
  33:system/sys_log/sys_log_mutex.c ****  * \ingroup sys_log
  34:system/sys_log/sys_log_mutex.c ****  * \{
  35:system/sys_log/sys_log_mutex.c ****  */
  36:system/sys_log/sys_log_mutex.c **** 
  37:system/sys_log/sys_log_mutex.c **** #include <FreeRTOS.h>
  38:system/sys_log/sys_log_mutex.c **** #include <semphr.h>
  39:system/sys_log/sys_log_mutex.c **** 
  40:system/sys_log/sys_log_mutex.c **** #include "sys_log.h"
  41:system/sys_log/sys_log_mutex.c **** #include "sys_log_config.h"
  42:system/sys_log/sys_log_mutex.c **** 
  43:system/sys_log/sys_log_mutex.c **** SemaphoreHandle_t xSysLogSemaphore = NULL;
  44:system/sys_log/sys_log_mutex.c **** 
  45:system/sys_log/sys_log_mutex.c **** bool sys_log_mutex_create()
  46:system/sys_log/sys_log_mutex.c **** {
  36              		.loc 1 46 1 view -0
  37              		.cfi_startproc
  38              		@ args = 0, pretend = 0, frame = 0
  39              		@ frame_needed = 0, uses_anonymous_args = 0
  40 0000 08B5     		push	{r3, lr}
  41              	.LCFI0:
  42              		.cfi_def_cfa_offset 8
  43              		.cfi_offset 3, -8
  44              		.cfi_offset 14, -4
  47:system/sys_log/sys_log_mutex.c ****     /* Create a mutex type semaphore */
  48:system/sys_log/sys_log_mutex.c ****     xSysLogSemaphore = xSemaphoreCreateMutex();
  45              		.loc 1 48 5 view .LVU1
  46              		.loc 1 48 24 is_stmt 0 view .LVU2
  47 0002 0120     		movs	r0, #1
  48 0004 FFF7FEFF 		bl	xQueueCreateMutex
  49              	.LVL0:
  50              		.loc 1 48 22 discriminator 1 view .LVU3
  51 0008 064B     		ldr	r3, .L6
  52 000a 1860     		str	r0, [r3]
  49:system/sys_log/sys_log_mutex.c **** 
  50:system/sys_log/sys_log_mutex.c ****     if (xSysLogSemaphore == NULL)
  53              		.loc 1 50 5 is_stmt 1 view .LVU4
  54              		.loc 1 50 8 is_stmt 0 view .LVU5
  55 000c 08B1     		cbz	r0, .L5
  51:system/sys_log/sys_log_mutex.c ****     {
  52:system/sys_log/sys_log_mutex.c ****         sys_log_print_event_from_module(SYS_LOG_ERROR, SYS_LOG_DEVICE_NAME, "Error creating a mutex
  53:system/sys_log/sys_log_mutex.c ****         sys_log_new_line();
  54:system/sys_log/sys_log_mutex.c **** 
ARM GAS  /tmp/cc1fjXqI.s 			page 3


  55:system/sys_log/sys_log_mutex.c ****         return false;
  56:system/sys_log/sys_log_mutex.c ****     }
  57:system/sys_log/sys_log_mutex.c **** 
  58:system/sys_log/sys_log_mutex.c ****     return true;
  56              		.loc 1 58 12 view .LVU6
  57 000e 0120     		movs	r0, #1
  58              	.L2:
  59:system/sys_log/sys_log_mutex.c **** }
  59              		.loc 1 59 1 view .LVU7
  60 0010 08BD     		pop	{r3, pc}
  61              	.L5:
  52:system/sys_log/sys_log_mutex.c ****         sys_log_new_line();
  62              		.loc 1 52 9 is_stmt 1 view .LVU8
  63 0012 054A     		ldr	r2, .L6+4
  64 0014 0549     		ldr	r1, .L6+8
  65 0016 0320     		movs	r0, #3
  66 0018 FFF7FEFF 		bl	sys_log_print_event_from_module
  67              	.LVL1:
  53:system/sys_log/sys_log_mutex.c **** 
  68              		.loc 1 53 9 view .LVU9
  69 001c FFF7FEFF 		bl	sys_log_new_line
  70              	.LVL2:
  55:system/sys_log/sys_log_mutex.c ****     }
  71              		.loc 1 55 9 view .LVU10
  55:system/sys_log/sys_log_mutex.c ****     }
  72              		.loc 1 55 16 is_stmt 0 view .LVU11
  73 0020 0020     		movs	r0, #0
  74 0022 F5E7     		b	.L2
  75              	.L7:
  76              		.align	2
  77              	.L6:
  78 0024 00000000 		.word	xSysLogSemaphore
  79 0028 00000000 		.word	.LC0
  80 002c 18000000 		.word	.LC1
  81              		.cfi_endproc
  82              	.LFE6:
  84              		.section	.text.sys_log_mutex_take,"ax",%progbits
  85              		.align	1
  86              		.global	sys_log_mutex_take
  87              		.syntax unified
  88              		.thumb
  89              		.thumb_func
  91              	sys_log_mutex_take:
  92              	.LFB7:
  60:system/sys_log/sys_log_mutex.c **** 
  61:system/sys_log/sys_log_mutex.c **** bool sys_log_mutex_take()
  62:system/sys_log/sys_log_mutex.c **** {
  93              		.loc 1 62 1 is_stmt 1 view -0
  94              		.cfi_startproc
  95              		@ args = 0, pretend = 0, frame = 0
  96              		@ frame_needed = 0, uses_anonymous_args = 0
  97 0000 08B5     		push	{r3, lr}
  98              	.LCFI1:
  99              		.cfi_def_cfa_offset 8
 100              		.cfi_offset 3, -8
 101              		.cfi_offset 14, -4
  63:system/sys_log/sys_log_mutex.c ****     if (xSysLogSemaphore != NULL)
ARM GAS  /tmp/cc1fjXqI.s 			page 4


 102              		.loc 1 63 5 view .LVU13
 103              		.loc 1 63 26 is_stmt 0 view .LVU14
 104 0002 064B     		ldr	r3, .L13
 105 0004 1868     		ldr	r0, [r3]
 106              		.loc 1 63 8 view .LVU15
 107 0006 30B1     		cbz	r0, .L10
  64:system/sys_log/sys_log_mutex.c ****     {
  65:system/sys_log/sys_log_mutex.c ****         /* See if we can obtain the semaphore. If the semaphore is not */
  66:system/sys_log/sys_log_mutex.c ****         /* available wait SYS_LOG_MUTEX_WAIT_TIME_MS ms to see if it becomes free */
  67:system/sys_log/sys_log_mutex.c ****         if (xSemaphoreTake(xSysLogSemaphore, pdMS_TO_TICKS(SYS_LOG_MUTEX_WAIT_TIME_MS)) == pdTRUE)
 108              		.loc 1 67 9 is_stmt 1 view .LVU16
 109              		.loc 1 67 13 is_stmt 0 view .LVU17
 110 0008 6421     		movs	r1, #100
 111 000a FFF7FEFF 		bl	xQueueSemaphoreTake
 112              	.LVL3:
 113              		.loc 1 67 12 discriminator 1 view .LVU18
 114 000e 0128     		cmp	r0, #1
 115 0010 00D0     		beq	.L9
  68:system/sys_log/sys_log_mutex.c ****         {
  69:system/sys_log/sys_log_mutex.c ****             return true;
  70:system/sys_log/sys_log_mutex.c ****         }
  71:system/sys_log/sys_log_mutex.c ****         else
  72:system/sys_log/sys_log_mutex.c ****         {
  73:system/sys_log/sys_log_mutex.c ****             return false;
 116              		.loc 1 73 20 view .LVU19
 117 0012 0020     		movs	r0, #0
 118              	.L9:
  74:system/sys_log/sys_log_mutex.c ****         }
  75:system/sys_log/sys_log_mutex.c ****     }
  76:system/sys_log/sys_log_mutex.c ****     else
  77:system/sys_log/sys_log_mutex.c ****     {
  78:system/sys_log/sys_log_mutex.c ****         return false;
  79:system/sys_log/sys_log_mutex.c ****     }
  80:system/sys_log/sys_log_mutex.c **** }
 119              		.loc 1 80 1 view .LVU20
 120 0014 08BD     		pop	{r3, pc}
 121              	.L10:
  78:system/sys_log/sys_log_mutex.c ****     }
 122              		.loc 1 78 16 view .LVU21
 123 0016 0020     		movs	r0, #0
 124 0018 FCE7     		b	.L9
 125              	.L14:
 126 001a 00BF     		.align	2
 127              	.L13:
 128 001c 00000000 		.word	xSysLogSemaphore
 129              		.cfi_endproc
 130              	.LFE7:
 132              		.section	.text.sys_log_mutex_give,"ax",%progbits
 133              		.align	1
 134              		.global	sys_log_mutex_give
 135              		.syntax unified
 136              		.thumb
 137              		.thumb_func
 139              	sys_log_mutex_give:
 140              	.LFB8:
  81:system/sys_log/sys_log_mutex.c **** 
  82:system/sys_log/sys_log_mutex.c **** bool sys_log_mutex_give()
ARM GAS  /tmp/cc1fjXqI.s 			page 5


  83:system/sys_log/sys_log_mutex.c **** {
 141              		.loc 1 83 1 is_stmt 1 view -0
 142              		.cfi_startproc
 143              		@ args = 0, pretend = 0, frame = 0
 144              		@ frame_needed = 0, uses_anonymous_args = 0
 145 0000 08B5     		push	{r3, lr}
 146              	.LCFI2:
 147              		.cfi_def_cfa_offset 8
 148              		.cfi_offset 3, -8
 149              		.cfi_offset 14, -4
  84:system/sys_log/sys_log_mutex.c ****     if (xSysLogSemaphore != NULL)
 150              		.loc 1 84 5 view .LVU23
 151              		.loc 1 84 26 is_stmt 0 view .LVU24
 152 0002 064B     		ldr	r3, .L19
 153 0004 1868     		ldr	r0, [r3]
 154              		.loc 1 84 8 view .LVU25
 155 0006 30B1     		cbz	r0, .L17
  85:system/sys_log/sys_log_mutex.c ****     {
  86:system/sys_log/sys_log_mutex.c ****         xSemaphoreGive(xSysLogSemaphore);
 156              		.loc 1 86 9 is_stmt 1 view .LVU26
 157 0008 0023     		movs	r3, #0
 158 000a 1A46     		mov	r2, r3
 159 000c 1946     		mov	r1, r3
 160 000e FFF7FEFF 		bl	xQueueGenericSend
 161              	.LVL4:
  87:system/sys_log/sys_log_mutex.c **** 
  88:system/sys_log/sys_log_mutex.c ****         return true;
 162              		.loc 1 88 9 view .LVU27
 163              		.loc 1 88 16 is_stmt 0 view .LVU28
 164 0012 0120     		movs	r0, #1
 165              	.L16:
  89:system/sys_log/sys_log_mutex.c ****     }
  90:system/sys_log/sys_log_mutex.c ****     else
  91:system/sys_log/sys_log_mutex.c ****     {
  92:system/sys_log/sys_log_mutex.c ****         return false;
  93:system/sys_log/sys_log_mutex.c ****     }
  94:system/sys_log/sys_log_mutex.c **** }
 166              		.loc 1 94 1 view .LVU29
 167 0014 08BD     		pop	{r3, pc}
 168              	.L17:
  92:system/sys_log/sys_log_mutex.c ****     }
 169              		.loc 1 92 16 view .LVU30
 170 0016 0020     		movs	r0, #0
 171 0018 FCE7     		b	.L16
 172              	.L20:
 173 001a 00BF     		.align	2
 174              	.L19:
 175 001c 00000000 		.word	xSysLogSemaphore
 176              		.cfi_endproc
 177              	.LFE8:
 179              		.global	xSysLogSemaphore
 180              		.section	.bss.xSysLogSemaphore,"aw",%nobits
 181              		.align	2
 184              	xSysLogSemaphore:
 185 0000 00000000 		.space	4
 186              		.text
 187              	.Letext0:
ARM GAS  /tmp/cc1fjXqI.s 			page 6


 188              		.file 2 "/usr/lib/gcc/arm-none-eabi/13.2.1/include/stdint.h"
 189              		.file 3 "freertos/portable/GCC/ARM_CM4F/portmacro.h"
 190              		.file 4 "freertos/include/queue.h"
 191              		.file 5 "freertos/include/semphr.h"
 192              		.file 6 "system/sys_log/sys_log.h"
ARM GAS  /tmp/cc1fjXqI.s 			page 7


DEFINED SYMBOLS
                            *ABS*:00000000 sys_log_mutex.c
     /tmp/cc1fjXqI.s:21     .rodata.sys_log_mutex_create.str1.4:00000000 $d
     /tmp/cc1fjXqI.s:28     .text.sys_log_mutex_create:00000000 $t
     /tmp/cc1fjXqI.s:34     .text.sys_log_mutex_create:00000000 sys_log_mutex_create
     /tmp/cc1fjXqI.s:78     .text.sys_log_mutex_create:00000024 $d
     /tmp/cc1fjXqI.s:184    .bss.xSysLogSemaphore:00000000 xSysLogSemaphore
     /tmp/cc1fjXqI.s:85     .text.sys_log_mutex_take:00000000 $t
     /tmp/cc1fjXqI.s:91     .text.sys_log_mutex_take:00000000 sys_log_mutex_take
     /tmp/cc1fjXqI.s:128    .text.sys_log_mutex_take:0000001c $d
     /tmp/cc1fjXqI.s:133    .text.sys_log_mutex_give:00000000 $t
     /tmp/cc1fjXqI.s:139    .text.sys_log_mutex_give:00000000 sys_log_mutex_give
     /tmp/cc1fjXqI.s:175    .text.sys_log_mutex_give:0000001c $d
     /tmp/cc1fjXqI.s:181    .bss.xSysLogSemaphore:00000000 $d

UNDEFINED SYMBOLS
xQueueCreateMutex
sys_log_print_event_from_module
sys_log_new_line
xQueueSemaphoreTake
xQueueGenericSend
