ARM GAS  /tmp/cc9dZuTd.s 			page 1


   1              		.cpu cortex-m4
   2              		.arch armv7e-m
   3              		.fpu fpv4-sp-d16
   4              		.eabi_attribute 27, 1
   5              		.eabi_attribute 28, 1
   6              		.eabi_attribute 20, 1
   7              		.eabi_attribute 21, 1
   8              		.eabi_attribute 23, 3
   9              		.eabi_attribute 24, 1
  10              		.eabi_attribute 25, 1
  11              		.eabi_attribute 26, 1
  12              		.eabi_attribute 30, 1
  13              		.eabi_attribute 34, 1
  14              		.eabi_attribute 18, 4
  15              		.file	"system.c"
  16              		.text
  17              	.Ltext0:
  18              		.cfi_sections	.debug_frame
  19              		.file 1 "system/system.c"
  20              		.section	.text.NVIC_SystemReset,"ax",%progbits
  21              		.align	1
  22              		.syntax unified
  23              		.thumb
  24              		.thumb_func
  26              	NVIC_SystemReset:
  27              	.LFB11:
  28              		.file 2 "./core_cm4.h"
   1:./core_cm4.h  **** /**
   2:./core_cm4.h  ****   ******************************************************************************
   3:./core_cm4.h  ****   * @file     core_cm4.h
   4:./core_cm4.h  ****   * @brief    CMSIS Cortex-M4 Core Peripheral Access Layer Header File
   5:./core_cm4.h  ****   * @version  V1.0.0
   6:./core_cm4.h  ****   * @date     2025-01-18
   7:./core_cm4.h  ****   *
   8:./core_cm4.h  ****   * @note     This is a minimal CMSIS core header for STM32L4 port.
   9:./core_cm4.h  ****   *           For production use, replace with official ARM CMSIS package.
  10:./core_cm4.h  ****   ******************************************************************************
  11:./core_cm4.h  ****   */
  12:./core_cm4.h  **** 
  13:./core_cm4.h  **** #ifndef __CORE_CM4_H_GENERIC
  14:./core_cm4.h  **** #define __CORE_CM4_H_GENERIC
  15:./core_cm4.h  **** 
  16:./core_cm4.h  **** #ifdef __cplusplus
  17:./core_cm4.h  ****  extern "C" {
  18:./core_cm4.h  **** #endif
  19:./core_cm4.h  **** 
  20:./core_cm4.h  **** #include <stdint.h>
  21:./core_cm4.h  **** 
  22:./core_cm4.h  **** /* Define compiler macros */
  23:./core_cm4.h  **** #if defined (__GNUC__)
  24:./core_cm4.h  ****   #define __ASM            __asm
  25:./core_cm4.h  ****   #define __INLINE         inline
  26:./core_cm4.h  ****   #define __STATIC_INLINE  static inline
  27:./core_cm4.h  ****   #define __WEAK           __attribute__((weak))
  28:./core_cm4.h  ****   #define __PACKED         __attribute__((packed))
  29:./core_cm4.h  **** #endif
  30:./core_cm4.h  **** 
ARM GAS  /tmp/cc9dZuTd.s 			page 2


  31:./core_cm4.h  **** /* CMSIS compiler control architecture macros */
  32:./core_cm4.h  **** #if ((defined (__ARM_ARCH_7M__      ) && (__ARM_ARCH_7M__      == 1)) || \
  33:./core_cm4.h  ****      (defined (__ARM_ARCH_7EM__     ) && (__ARM_ARCH_7EM__     == 1))  )
  34:./core_cm4.h  ****   #include "cmsis_gcc.h"
  35:./core_cm4.h  **** #else
  36:./core_cm4.h  ****   #error "This core_cm4.h requires an ARM Cortex-M4 compiler"
  37:./core_cm4.h  **** #endif
  38:./core_cm4.h  **** 
  39:./core_cm4.h  **** /* IO definitions (access restrictions to peripheral registers) */
  40:./core_cm4.h  **** #ifdef __cplusplus
  41:./core_cm4.h  ****   #define   __I     volatile             /*!< Defines 'read only' permissions */
  42:./core_cm4.h  **** #else
  43:./core_cm4.h  ****   #define   __I     volatile const       /*!< Defines 'read only' permissions */
  44:./core_cm4.h  **** #endif
  45:./core_cm4.h  **** #define     __O     volatile             /*!< Defines 'write only' permissions */
  46:./core_cm4.h  **** #define     __IO    volatile             /*!< Defines 'read / write' permissions */
  47:./core_cm4.h  **** 
  48:./core_cm4.h  **** /* following defines should be used for structure members */
  49:./core_cm4.h  **** #define     __IM     volatile const      /*! Defines 'read only' structure member permissions */
  50:./core_cm4.h  **** #define     __OM     volatile            /*! Defines 'write only' structure member permissions */
  51:./core_cm4.h  **** #define     __IOM    volatile            /*! Defines 'read / write' structure member permissions */
  52:./core_cm4.h  **** 
  53:./core_cm4.h  **** /**
  54:./core_cm4.h  ****   \brief  Structure type to access the System Control Block (SCB).
  55:./core_cm4.h  ****  */
  56:./core_cm4.h  **** typedef struct
  57:./core_cm4.h  **** {
  58:./core_cm4.h  ****   __I  uint32_t CPUID;                  /*!< Offset: 0x000 (R/ )  CPUID Base Register */
  59:./core_cm4.h  ****   __IO uint32_t ICSR;                   /*!< Offset: 0x004 (R/W)  Interrupt Control and State Regis
  60:./core_cm4.h  ****   __IO uint32_t VTOR;                   /*!< Offset: 0x008 (R/W)  Vector Table Offset Register */
  61:./core_cm4.h  ****   __IO uint32_t AIRCR;                  /*!< Offset: 0x00C (R/W)  Application Interrupt and Reset C
  62:./core_cm4.h  ****   __IO uint32_t SCR;                    /*!< Offset: 0x010 (R/W)  System Control Register */
  63:./core_cm4.h  ****   __IO uint32_t CCR;                    /*!< Offset: 0x014 (R/W)  Configuration Control Register */
  64:./core_cm4.h  ****   __IO uint8_t  SHP[12U];               /*!< Offset: 0x018 (R/W)  System Handlers Priority Register
  65:./core_cm4.h  ****   __IO uint32_t SHCSR;                  /*!< Offset: 0x024 (R/W)  System Handler Control and State 
  66:./core_cm4.h  ****   __IO uint32_t CFSR;                   /*!< Offset: 0x028 (R/W)  Configurable Fault Status Registe
  67:./core_cm4.h  ****   __IO uint32_t HFSR;                   /*!< Offset: 0x02C (R/W)  HardFault Status Register */
  68:./core_cm4.h  ****   __IO uint32_t DFSR;                   /*!< Offset: 0x030 (R/W)  Debug Fault Status Register */
  69:./core_cm4.h  ****   __IO uint32_t MMFAR;                  /*!< Offset: 0x034 (R/W)  MemManage Fault Address Register 
  70:./core_cm4.h  ****   __IO uint32_t BFAR;                   /*!< Offset: 0x038 (R/W)  BusFault Address Register */
  71:./core_cm4.h  ****   __IO uint32_t AFSR;                   /*!< Offset: 0x03C (R/W)  Auxiliary Fault Status Register *
  72:./core_cm4.h  ****   __I  uint32_t PFR[2U];                /*!< Offset: 0x040 (R/ )  Processor Feature Register */
  73:./core_cm4.h  ****   __I  uint32_t DFR;                    /*!< Offset: 0x048 (R/ )  Debug Feature Register */
  74:./core_cm4.h  ****   __I  uint32_t ADR;                    /*!< Offset: 0x04C (R/ )  Auxiliary Feature Register */
  75:./core_cm4.h  ****   __I  uint32_t MMFR[4U];               /*!< Offset: 0x050 (R/ )  Memory Model Feature Register */
  76:./core_cm4.h  ****   __I  uint32_t ISAR[5U];               /*!< Offset: 0x060 (R/ )  Instruction Set Attributes Regist
  77:./core_cm4.h  ****        uint32_t RESERVED0[5U];
  78:./core_cm4.h  ****   __IO uint32_t CPACR;                  /*!< Offset: 0x088 (R/W)  Coprocessor Access Control Regist
  79:./core_cm4.h  **** } SCB_Type;
  80:./core_cm4.h  **** 
  81:./core_cm4.h  **** /**
  82:./core_cm4.h  ****   \brief  Structure type to access the System Timer (SysTick).
  83:./core_cm4.h  ****  */
  84:./core_cm4.h  **** typedef struct
  85:./core_cm4.h  **** {
  86:./core_cm4.h  ****   __IO uint32_t CTRL;                   /*!< Offset: 0x000 (R/W)  SysTick Control and Status Regist
  87:./core_cm4.h  ****   __IO uint32_t LOAD;                   /*!< Offset: 0x004 (R/W)  SysTick Reload Value Register */
ARM GAS  /tmp/cc9dZuTd.s 			page 3


  88:./core_cm4.h  ****   __IO uint32_t VAL;                    /*!< Offset: 0x008 (R/W)  SysTick Current Value Register */
  89:./core_cm4.h  ****   __I  uint32_t CALIB;                  /*!< Offset: 0x00C (R/ )  SysTick Calibration Register */
  90:./core_cm4.h  **** } SysTick_Type;
  91:./core_cm4.h  **** 
  92:./core_cm4.h  **** /**
  93:./core_cm4.h  ****   \brief  Structure type to access the Nested Vectored Interrupt Controller (NVIC).
  94:./core_cm4.h  ****  */
  95:./core_cm4.h  **** typedef struct
  96:./core_cm4.h  **** {
  97:./core_cm4.h  ****   __IO uint32_t ISER[8U];               /*!< Offset: 0x000 (R/W)  Interrupt Set Enable Register */
  98:./core_cm4.h  ****        uint32_t RESERVED0[24U];
  99:./core_cm4.h  ****   __IO uint32_t ICER[8U];               /*!< Offset: 0x080 (R/W)  Interrupt Clear Enable Register *
 100:./core_cm4.h  ****        uint32_t RSERVED1[24U];
 101:./core_cm4.h  ****   __IO uint32_t ISPR[8U];               /*!< Offset: 0x100 (R/W)  Interrupt Set Pending Register */
 102:./core_cm4.h  ****        uint32_t RESERVED2[24U];
 103:./core_cm4.h  ****   __IO uint32_t ICPR[8U];               /*!< Offset: 0x180 (R/W)  Interrupt Clear Pending Register 
 104:./core_cm4.h  ****        uint32_t RESERVED3[24U];
 105:./core_cm4.h  ****   __IO uint32_t IABR[8U];               /*!< Offset: 0x200 (R/W)  Interrupt Active bit Register */
 106:./core_cm4.h  ****        uint32_t RESERVED4[56U];
 107:./core_cm4.h  ****   __IO uint8_t  IP[240U];               /*!< Offset: 0x300 (R/W)  Interrupt Priority Register (8Bit
 108:./core_cm4.h  ****        uint32_t RESERVED5[644U];
 109:./core_cm4.h  ****   __O  uint32_t STIR;                   /*!< Offset: 0xE00 ( /W)  Software Trigger Interrupt Regist
 110:./core_cm4.h  **** }  NVIC_Type;
 111:./core_cm4.h  **** 
 112:./core_cm4.h  **** /* Memory mapping of Core Hardware */
 113:./core_cm4.h  **** #define SCS_BASE            (0xE000E000UL)                            /*!< System Control Space Bas
 114:./core_cm4.h  **** #define SysTick_BASE        (SCS_BASE +  0x0010UL)                    /*!< SysTick Base Address */
 115:./core_cm4.h  **** #define NVIC_BASE           (SCS_BASE +  0x0100UL)                    /*!< NVIC Base Address */
 116:./core_cm4.h  **** #define SCB_BASE            (SCS_BASE +  0x0D00UL)                    /*!< System Control Block Bas
 117:./core_cm4.h  **** 
 118:./core_cm4.h  **** #define SCB                 ((SCB_Type       *)     SCB_BASE      )   /*!< SCB configuration struct
 119:./core_cm4.h  **** #define SysTick             ((SysTick_Type   *)     SysTick_BASE  )   /*!< SysTick configuration st
 120:./core_cm4.h  **** #define NVIC                ((NVIC_Type      *)     NVIC_BASE     )   /*!< NVIC configuration struc
 121:./core_cm4.h  **** 
 122:./core_cm4.h  **** /* SysTick Control / Status Register Definitions */
 123:./core_cm4.h  **** #define SysTick_CTRL_COUNTFLAG_Pos         16U                                            /*!< SysT
 124:./core_cm4.h  **** #define SysTick_CTRL_COUNTFLAG_Msk         (1UL << SysTick_CTRL_COUNTFLAG_Pos)            /*!< SysT
 125:./core_cm4.h  **** 
 126:./core_cm4.h  **** #define SysTick_CTRL_CLKSOURCE_Pos          2U                                            /*!< SysT
 127:./core_cm4.h  **** #define SysTick_CTRL_CLKSOURCE_Msk         (1UL << SysTick_CTRL_CLKSOURCE_Pos)            /*!< SysT
 128:./core_cm4.h  **** 
 129:./core_cm4.h  **** #define SysTick_CTRL_TICKINT_Pos            1U                                            /*!< SysT
 130:./core_cm4.h  **** #define SysTick_CTRL_TICKINT_Msk           (1UL << SysTick_CTRL_TICKINT_Pos)              /*!< SysT
 131:./core_cm4.h  **** 
 132:./core_cm4.h  **** #define SysTick_CTRL_ENABLE_Pos             0U                                            /*!< SysT
 133:./core_cm4.h  **** #define SysTick_CTRL_ENABLE_Msk            (1UL << SysTick_CTRL_ENABLE_Pos)               /*!< SysT
 134:./core_cm4.h  **** 
 135:./core_cm4.h  **** /* SysTick Reload Register Definitions */
 136:./core_cm4.h  **** #define SysTick_LOAD_RELOAD_Pos             0U                                            /*!< SysT
 137:./core_cm4.h  **** #define SysTick_LOAD_RELOAD_Msk            (0xFFFFFFUL /*<< SysTick_LOAD_RELOAD_Pos*/)    /*!< SysT
 138:./core_cm4.h  **** 
 139:./core_cm4.h  **** /* SysTick Current Register Definitions */
 140:./core_cm4.h  **** #define SysTick_VAL_CURRENT_Pos             0U                                            /*!< SysT
 141:./core_cm4.h  **** #define SysTick_VAL_CURRENT_Msk            (0xFFFFFFUL /*<< SysTick_VAL_CURRENT_Pos*/)    /*!< SysT
 142:./core_cm4.h  **** 
 143:./core_cm4.h  **** /**
 144:./core_cm4.h  ****   \brief   Enable IRQ Interrupts
ARM GAS  /tmp/cc9dZuTd.s 			page 4


 145:./core_cm4.h  ****   \details Enables IRQ interrupts by clearing the I-bit in the CPSR.
 146:./core_cm4.h  ****            Can only be executed in Privileged modes.
 147:./core_cm4.h  ****  */
 148:./core_cm4.h  **** __STATIC_INLINE void __enable_irq(void)
 149:./core_cm4.h  **** {
 150:./core_cm4.h  ****   __ASM volatile ("cpsie i" : : : "memory");
 151:./core_cm4.h  **** }
 152:./core_cm4.h  **** 
 153:./core_cm4.h  **** /**
 154:./core_cm4.h  ****   \brief   Disable IRQ Interrupts
 155:./core_cm4.h  ****   \details Disables IRQ interrupts by setting the I-bit in the CPSR.
 156:./core_cm4.h  ****            Can only be executed in Privileged modes.
 157:./core_cm4.h  ****  */
 158:./core_cm4.h  **** __STATIC_INLINE void __disable_irq(void)
 159:./core_cm4.h  **** {
 160:./core_cm4.h  ****   __ASM volatile ("cpsid i" : : : "memory");
 161:./core_cm4.h  **** }
 162:./core_cm4.h  **** 
 163:./core_cm4.h  **** /**
 164:./core_cm4.h  ****   \brief   Data Synchronization Barrier
 165:./core_cm4.h  ****   \details Acts as a special kind of Data Memory Barrier.
 166:./core_cm4.h  ****            It completes when all explicit memory accesses before this instruction complete.
 167:./core_cm4.h  ****  */
 168:./core_cm4.h  **** __STATIC_INLINE void __DSB(void)
 169:./core_cm4.h  **** {
 170:./core_cm4.h  ****   __ASM volatile ("dsb 0xF":::"memory");
 171:./core_cm4.h  **** }
 172:./core_cm4.h  **** 
 173:./core_cm4.h  **** /**
 174:./core_cm4.h  ****   \brief   Instruction Synchronization Barrier
 175:./core_cm4.h  ****   \details Instruction Synchronization Barrier flushes the pipeline in the processor,
 176:./core_cm4.h  ****            so that all instructions following the ISB are fetched from cache or memory,
 177:./core_cm4.h  ****            after the instruction has been completed.
 178:./core_cm4.h  ****  */
 179:./core_cm4.h  **** __STATIC_INLINE void __ISB(void)
 180:./core_cm4.h  **** {
 181:./core_cm4.h  ****   __ASM volatile ("isb 0xF":::"memory");
 182:./core_cm4.h  **** }
 183:./core_cm4.h  **** 
 184:./core_cm4.h  **** /**
 185:./core_cm4.h  ****   \brief   No Operation
 186:./core_cm4.h  ****   \details No Operation does nothing. This instruction can be used for code alignment purposes.
 187:./core_cm4.h  ****  */
 188:./core_cm4.h  **** __STATIC_INLINE void __NOP(void)
 189:./core_cm4.h  **** {
 190:./core_cm4.h  ****   __ASM volatile ("nop");
 191:./core_cm4.h  **** }
 192:./core_cm4.h  **** 
 193:./core_cm4.h  **** /**
 194:./core_cm4.h  ****   \brief   Wait For Interrupt
 195:./core_cm4.h  ****   \details Wait For Interrupt is a hint instruction that suspends execution until one of a number o
 196:./core_cm4.h  ****  */
 197:./core_cm4.h  **** __STATIC_INLINE void __WFI(void)
 198:./core_cm4.h  **** {
 199:./core_cm4.h  ****   __ASM volatile ("wfi");
 200:./core_cm4.h  **** }
 201:./core_cm4.h  **** 
ARM GAS  /tmp/cc9dZuTd.s 			page 5


 202:./core_cm4.h  **** /**
 203:./core_cm4.h  ****   \brief   Wait For Event
 204:./core_cm4.h  ****   \details Wait For Event is a hint instruction that permits the processor to enter
 205:./core_cm4.h  ****            a low-power state until one of a number of events occurs.
 206:./core_cm4.h  ****  */
 207:./core_cm4.h  **** __STATIC_INLINE void __WFE(void)
 208:./core_cm4.h  **** {
 209:./core_cm4.h  ****   __ASM volatile ("wfe");
 210:./core_cm4.h  **** }
 211:./core_cm4.h  **** 
 212:./core_cm4.h  **** /**
 213:./core_cm4.h  ****   \brief   Set Priority Grouping
 214:./core_cm4.h  ****   \details Sets the priority grouping field using the required unlock sequence.
 215:./core_cm4.h  ****            The parameter PriorityGroup is assigned to the field SCB->AIRCR [10:8] PRIGROUP field.
 216:./core_cm4.h  ****            Only values from 0..7 are used.
 217:./core_cm4.h  ****            In case of a conflict between priority grouping and available
 218:./core_cm4.h  ****            priority bits (__NVIC_PRIO_BITS), the smallest possible priority group is set.
 219:./core_cm4.h  ****   \param [in]      PriorityGroup  Priority grouping field.
 220:./core_cm4.h  ****  */
 221:./core_cm4.h  **** __STATIC_INLINE void NVIC_SetPriorityGrouping(uint32_t PriorityGroup)
 222:./core_cm4.h  **** {
 223:./core_cm4.h  ****   uint32_t reg_value;
 224:./core_cm4.h  ****   uint32_t PriorityGroupTmp = (PriorityGroup & (uint32_t)0x07UL);             /* only values 0..7 a
 225:./core_cm4.h  **** 
 226:./core_cm4.h  ****   reg_value  =  SCB->AIRCR;                                                   /* read old register 
 227:./core_cm4.h  ****   reg_value &= ~((uint32_t)(0xFFFFUL << 16U) | (uint32_t)(0x07UL << 8U));    /* clear bits to chang
 228:./core_cm4.h  ****   reg_value  =  (reg_value                                   |
 229:./core_cm4.h  ****                 ((uint32_t)0x5FAUL << 16U) |
 230:./core_cm4.h  ****                 (PriorityGroupTmp << 8U)                      );              /* Insert write key a
 231:./core_cm4.h  ****   SCB->AIRCR =  reg_value;
 232:./core_cm4.h  **** }
 233:./core_cm4.h  **** 
 234:./core_cm4.h  **** /**
 235:./core_cm4.h  ****   \brief   Enable Interrupt
 236:./core_cm4.h  ****   \details Enables a device specific interrupt in the NVIC interrupt controller.
 237:./core_cm4.h  ****   \param [in]      IRQn  Device specific interrupt number.
 238:./core_cm4.h  ****   \note    IRQn must not be negative.
 239:./core_cm4.h  ****  */
 240:./core_cm4.h  **** __STATIC_INLINE void NVIC_EnableIRQ(int32_t IRQn)
 241:./core_cm4.h  **** {
 242:./core_cm4.h  ****   if ((int32_t)(IRQn) >= 0)
 243:./core_cm4.h  ****   {
 244:./core_cm4.h  ****     NVIC->ISER[(((uint32_t)IRQn) >> 5UL)] = (uint32_t)(1UL << (((uint32_t)IRQn) & 0x1FUL));
 245:./core_cm4.h  ****   }
 246:./core_cm4.h  **** }
 247:./core_cm4.h  **** 
 248:./core_cm4.h  **** /**
 249:./core_cm4.h  ****   \brief   Disable Interrupt
 250:./core_cm4.h  ****   \details Disables a device specific interrupt in the NVIC interrupt controller.
 251:./core_cm4.h  ****   \param [in]      IRQn  Device specific interrupt number.
 252:./core_cm4.h  ****   \note    IRQn must not be negative.
 253:./core_cm4.h  ****  */
 254:./core_cm4.h  **** __STATIC_INLINE void NVIC_DisableIRQ(int32_t IRQn)
 255:./core_cm4.h  **** {
 256:./core_cm4.h  ****   if ((int32_t)(IRQn) >= 0)
 257:./core_cm4.h  ****   {
 258:./core_cm4.h  ****     NVIC->ICER[(((uint32_t)IRQn) >> 5UL)] = (uint32_t)(1UL << (((uint32_t)IRQn) & 0x1FUL));
ARM GAS  /tmp/cc9dZuTd.s 			page 6


 259:./core_cm4.h  ****   }
 260:./core_cm4.h  **** }
 261:./core_cm4.h  **** 
 262:./core_cm4.h  **** /**
 263:./core_cm4.h  ****   \brief   Set Interrupt Priority
 264:./core_cm4.h  ****   \details Sets the priority of a device specific interrupt or a processor exception.
 265:./core_cm4.h  ****            The interrupt number can be positive to specify a device specific interrupt,
 266:./core_cm4.h  ****            or negative to specify a processor exception.
 267:./core_cm4.h  ****   \param [in]      IRQn  Interrupt number.
 268:./core_cm4.h  ****   \param [in]   priority  Priority to set.
 269:./core_cm4.h  ****   \note    The priority cannot be set for every processor exception.
 270:./core_cm4.h  ****  */
 271:./core_cm4.h  **** __STATIC_INLINE void NVIC_SetPriority(int32_t IRQn, uint32_t priority)
 272:./core_cm4.h  **** {
 273:./core_cm4.h  ****   if ((int32_t)(IRQn) >= 0)
 274:./core_cm4.h  ****   {
 275:./core_cm4.h  ****     NVIC->IP[((uint32_t)IRQn)]               = (uint8_t)((priority << (8U - __NVIC_PRIO_BITS)) & (u
 276:./core_cm4.h  ****   }
 277:./core_cm4.h  ****   else
 278:./core_cm4.h  ****   {
 279:./core_cm4.h  ****     SCB->SHP[(((uint32_t)IRQn) & 0xFUL)-4UL] = (uint8_t)((priority << (8U - __NVIC_PRIO_BITS)) & (u
 280:./core_cm4.h  ****   }
 281:./core_cm4.h  **** }
 282:./core_cm4.h  **** 
 283:./core_cm4.h  **** /**
 284:./core_cm4.h  ****   \brief   System Reset
 285:./core_cm4.h  ****   \details Initiates a system reset request to reset the MCU.
 286:./core_cm4.h  ****  */
 287:./core_cm4.h  **** __STATIC_INLINE void NVIC_SystemReset(void)
 288:./core_cm4.h  **** {
  29              		.loc 2 288 1 view -0
  30              		.cfi_startproc
  31              		@ Volatile: function does not return.
  32              		@ args = 0, pretend = 0, frame = 0
  33              		@ frame_needed = 0, uses_anonymous_args = 0
  34              		@ link register save eliminated.
 289:./core_cm4.h  ****   __DSB();                                                          /* Ensure all outstanding memor
  35              		.loc 2 289 3 view .LVU1
  36              	.LBB8:
  37              	.LBI8:
 168:./core_cm4.h  **** {
  38              		.loc 2 168 22 view .LVU2
  39              	.LBB9:
 170:./core_cm4.h  **** }
  40              		.loc 2 170 3 view .LVU3
  41              		.syntax unified
  42              	@ 170 "./core_cm4.h" 1
  43 0000 BFF34F8F 		dsb 0xF
  44              	@ 0 "" 2
  45              		.thumb
  46              		.syntax unified
  47              	.LBE9:
  48              	.LBE8:
 290:./core_cm4.h  ****                                                                        buffered write are completed
 291:./core_cm4.h  ****   SCB->AIRCR  = (uint32_t)((0x5FAUL << 16U)    |
  49              		.loc 2 291 3 view .LVU4
 292:./core_cm4.h  ****                            (SCB->AIRCR & (7UL << 8U)) |
ARM GAS  /tmp/cc9dZuTd.s 			page 7


  50              		.loc 2 292 32 is_stmt 0 view .LVU5
  51 0004 0549     		ldr	r1, .L3
  52 0006 CA68     		ldr	r2, [r1, #12]
  53              		.loc 2 292 40 view .LVU6
  54 0008 02F4E062 		and	r2, r2, #1792
 291:./core_cm4.h  ****                            (SCB->AIRCR & (7UL << 8U)) |
  55              		.loc 2 291 17 view .LVU7
  56 000c 044B     		ldr	r3, .L3+4
  57 000e 1343     		orrs	r3, r3, r2
 291:./core_cm4.h  ****                            (SCB->AIRCR & (7UL << 8U)) |
  58              		.loc 2 291 15 view .LVU8
  59 0010 CB60     		str	r3, [r1, #12]
 293:./core_cm4.h  ****                             (1UL << 2U)    );                       /* Keep priority group unchange
 294:./core_cm4.h  ****   __DSB();                                                          /* Ensure completion of memory 
  60              		.loc 2 294 3 is_stmt 1 view .LVU9
  61              	.LBB10:
  62              	.LBI10:
 168:./core_cm4.h  **** {
  63              		.loc 2 168 22 view .LVU10
  64              	.LBB11:
 170:./core_cm4.h  **** }
  65              		.loc 2 170 3 view .LVU11
  66              		.syntax unified
  67              	@ 170 "./core_cm4.h" 1
  68 0012 BFF34F8F 		dsb 0xF
  69              	@ 0 "" 2
  70              		.thumb
  71              		.syntax unified
  72              	.L2:
  73              	.LBE11:
  74              	.LBE10:
 295:./core_cm4.h  **** 
 296:./core_cm4.h  ****   for(;;)                                                           /* wait until reset */
  75              		.loc 2 296 3 view .LVU12
 297:./core_cm4.h  ****   {
 298:./core_cm4.h  ****     __NOP();
  76              		.loc 2 298 5 discriminator 1 view .LVU13
  77              	.LBB12:
  78              	.LBI12:
 188:./core_cm4.h  **** {
  79              		.loc 2 188 22 view .LVU14
  80              	.LBB13:
 190:./core_cm4.h  **** }
  81              		.loc 2 190 3 view .LVU15
  82              		.syntax unified
  83              	@ 190 "./core_cm4.h" 1
  84 0016 00BF     		nop
  85              	@ 0 "" 2
  86              		.thumb
  87              		.syntax unified
  88              	.LBE13:
  89              	.LBE12:
 296:./core_cm4.h  ****   {
  90              		.loc 2 296 3 view .LVU16
  91 0018 FDE7     		b	.L2
  92              	.L4:
  93 001a 00BF     		.align	2
ARM GAS  /tmp/cc9dZuTd.s 			page 8


  94              	.L3:
  95 001c 00ED00E0 		.word	-536810240
  96 0020 0400FA05 		.word	100270084
  97              		.cfi_endproc
  98              	.LFE11:
 100              		.section	.text.system_reset,"ax",%progbits
 101              		.align	1
 102              		.global	system_reset
 103              		.syntax unified
 104              		.thumb
 105              		.thumb_func
 107              	system_reset:
 108              	.LFB12:
   1:system/system.c **** /*
   2:system/system.c ****  * system.c
   3:system/system.c ****  *
   4:system/system.c ****  * Copyright (C) 2020, SpaceLab.
   5:system/system.c ****  *
   6:system/system.c ****  * This file is part of EPS 2.0.
   7:system/system.c ****  *
   8:system/system.c ****  * EPS 2.0 is free software: you can redistribute it and/or modify
   9:system/system.c ****  * it under the terms of the GNU General Public License as published by
  10:system/system.c ****  * the Free Software Foundation, either version 3 of the License, or
  11:system/system.c ****  * (at your option) any later version.
  12:system/system.c ****  *
  13:system/system.c ****  * EPS 2.0 is distributed in the hope that it will be useful,
  14:system/system.c ****  * but WITHOUT ANY WARRANTY; without even the implied warranty of
  15:system/system.c ****  * MERCHANTABILITY or FITNESS FOR A PARTICULAR PURPOSE. See the
  16:system/system.c ****  * GNU General Public License for more details.
  17:system/system.c ****  *
  18:system/system.c ****  * You should have received a copy of the GNU General Public License
  19:system/system.c ****  * along with EPS 2.0. If not, see <http://www.gnu.org/licenses/>.
  20:system/system.c ****  *
  21:system/system.c ****  */
  22:system/system.c **** 
  23:system/system.c **** /**
  24:system/system.c ****  * \brief System management routines implementation (Ported to STM32L4).
  25:system/system.c ****  *
  26:system/system.c ****  * \author Gabriel Mariano Marcelino <gabriel.mm8@gmail.com>
  27:system/system.c ****  *
  28:system/system.c ****  * \version 0.2.0 (STM32L4 port)
  29:system/system.c ****  *
  30:system/system.c ****  * \date 2020/10/22
  31:system/system.c ****  *
  32:system/system.c ****  * \addtogroup system
  33:system/system.c ****  * \{
  34:system/system.c ****  */
  35:system/system.c **** 
  36:system/system.c **** #include "stm32l476xx.h"
  37:system/system.c **** #include "core_cm4.h"
  38:system/system.c **** #include <drivers/gpio/gpio.h>
  39:system/system.c **** 
  40:system/system.c **** #include "system.h"
  41:system/system.c **** 
  42:system/system.c **** sys_time_t sys_time = 0;
  43:system/system.c **** 
  44:system/system.c **** void system_reset(void)
ARM GAS  /tmp/cc9dZuTd.s 			page 9


  45:system/system.c **** {
 109              		.loc 1 45 1 view -0
 110              		.cfi_startproc
 111              		@ Volatile: function does not return.
 112              		@ args = 0, pretend = 0, frame = 0
 113              		@ frame_needed = 0, uses_anonymous_args = 0
 114 0000 08B5     		push	{r3, lr}
 115              	.LCFI0:
 116              		.cfi_def_cfa_offset 8
 117              		.cfi_offset 3, -8
 118              		.cfi_offset 14, -4
  46:system/system.c ****     /* Perform system reset using NVIC (CMSIS function) */
  47:system/system.c ****     NVIC_SystemReset();
 119              		.loc 1 47 5 view .LVU18
 120 0002 FFF7FEFF 		bl	NVIC_SystemReset
 121              	.LVL0:
 122              		.cfi_endproc
 123              	.LFE12:
 125              		.section	.text.system_get_reset_cause,"ax",%progbits
 126              		.align	1
 127              		.global	system_get_reset_cause
 128              		.syntax unified
 129              		.thumb
 130              		.thumb_func
 132              	system_get_reset_cause:
 133              	.LFB13:
  48:system/system.c **** 
  49:system/system.c ****     /* Never reached */
  50:system/system.c ****     while(1);
  51:system/system.c **** }
  52:system/system.c **** 
  53:system/system.c **** uint8_t system_get_reset_cause(void)
  54:system/system.c **** {
 134              		.loc 1 54 1 view -0
 135              		.cfi_startproc
 136              		@ args = 0, pretend = 0, frame = 0
 137              		@ frame_needed = 0, uses_anonymous_args = 0
 138              		@ link register save eliminated.
  55:system/system.c ****     /* Read reset flags from RCC Control/Status Register (CSR) */
  56:system/system.c ****     uint32_t csr = RCC->CSR;
 139              		.loc 1 56 5 view .LVU20
 140              		.loc 1 56 14 is_stmt 0 view .LVU21
 141 0000 144B     		ldr	r3, .L16
 142 0002 D3F89430 		ldr	r3, [r3, #148]
 143              	.LVL1:
  57:system/system.c ****     uint8_t reset_cause = 0;
 144              		.loc 1 57 5 is_stmt 1 view .LVU22
  58:system/system.c **** 
  59:system/system.c ****     /* Map STM32L4 reset flags to a simple cause code
  60:system/system.c ****      * RCC_CSR reset flags (bits 31-24):
  61:system/system.c ****      * - Bit 31: LPWRRSTF (Low-power reset flag)
  62:system/system.c ****      * - Bit 30: WWDGRSTF (Window watchdog reset flag)
  63:system/system.c ****      * - Bit 29: IWDGRSTF (Independent watchdog reset flag)
  64:system/system.c ****      * - Bit 28: SFTRSTF  (Software reset flag)
  65:system/system.c ****      * - Bit 27: BORRSTF  (BOR reset flag)
  66:system/system.c ****      * - Bit 26: PINRSTF  (Pin reset flag)
  67:system/system.c ****      * - Bit 25: OBLRSTF  (Option byte loader reset flag)
ARM GAS  /tmp/cc9dZuTd.s 			page 10


  68:system/system.c ****      * - Bit 24: FWRSTF   (Firewall reset flag)
  69:system/system.c ****      */
  70:system/system.c **** 
  71:system/system.c ****     if (csr & (1UL << 29))  /* IWDGRSTF */
 145              		.loc 1 71 5 view .LVU23
 146              		.loc 1 71 8 is_stmt 0 view .LVU24
 147 0006 13F0005F 		tst	r3, #536870912
 148 000a 11D1     		bne	.L9
  72:system/system.c ****     {
  73:system/system.c ****         reset_cause = 1;  /* Independent watchdog reset */
  74:system/system.c ****     }
  75:system/system.c ****     else if (csr & (1UL << 30))  /* WWDGRSTF */
 149              		.loc 1 75 10 is_stmt 1 view .LVU25
 150              		.loc 1 75 13 is_stmt 0 view .LVU26
 151 000c 13F0804F 		tst	r3, #1073741824
 152 0010 17D1     		bne	.L10
  76:system/system.c ****     {
  77:system/system.c ****         reset_cause = 2;  /* Window watchdog reset */
  78:system/system.c ****     }
  79:system/system.c ****     else if (csr & (1UL << 28))  /* SFTRSTF */
 153              		.loc 1 79 10 is_stmt 1 view .LVU27
 154              		.loc 1 79 13 is_stmt 0 view .LVU28
 155 0012 13F0805F 		tst	r3, #268435456
 156 0016 16D1     		bne	.L11
  80:system/system.c ****     {
  81:system/system.c ****         reset_cause = 3;  /* Software reset */
  82:system/system.c ****     }
  83:system/system.c ****     else if (csr & (1UL << 27))  /* BORRSTF */
 157              		.loc 1 83 10 is_stmt 1 view .LVU29
 158              		.loc 1 83 13 is_stmt 0 view .LVU30
 159 0018 13F0006F 		tst	r3, #134217728
 160 001c 15D1     		bne	.L12
  84:system/system.c ****     {
  85:system/system.c ****         reset_cause = 4;  /* Brown-out reset */
  86:system/system.c ****     }
  87:system/system.c ****     else if (csr & (1UL << 26))  /* PINRSTF */
 161              		.loc 1 87 10 is_stmt 1 view .LVU31
 162              		.loc 1 87 13 is_stmt 0 view .LVU32
 163 001e 13F0806F 		tst	r3, #67108864
 164 0022 14D1     		bne	.L13
  88:system/system.c ****     {
  89:system/system.c ****         reset_cause = 5;  /* External pin reset */
  90:system/system.c ****     }
  91:system/system.c ****     else if (csr & (1UL << 31))  /* LPWRRSTF */
 165              		.loc 1 91 10 is_stmt 1 view .LVU33
 166              		.loc 1 91 13 is_stmt 0 view .LVU34
 167 0024 002B     		cmp	r3, #0
 168 0026 01DB     		blt	.L15
  92:system/system.c ****     {
  93:system/system.c ****         reset_cause = 6;  /* Low-power reset */
  94:system/system.c ****     }
  95:system/system.c ****     else
  96:system/system.c ****     {
  97:system/system.c ****         reset_cause = 0;  /* Unknown */
 169              		.loc 1 97 21 view .LVU35
 170 0028 0020     		movs	r0, #0
 171 002a 02E0     		b	.L8
ARM GAS  /tmp/cc9dZuTd.s 			page 11


 172              	.L15:
  93:system/system.c ****     }
 173              		.loc 1 93 21 view .LVU36
 174 002c 0620     		movs	r0, #6
 175 002e 00E0     		b	.L8
 176              	.L9:
  73:system/system.c ****     }
 177              		.loc 1 73 21 view .LVU37
 178 0030 0120     		movs	r0, #1
 179              	.L8:
 180              	.LVL2:
  98:system/system.c ****     }
  99:system/system.c **** 
 100:system/system.c ****     /* Clear reset flags by setting RMVF bit (bit 23) */
 101:system/system.c ****     RCC->CSR |= (1UL << 23);
 181              		.loc 1 101 5 is_stmt 1 view .LVU38
 182              		.loc 1 101 8 is_stmt 0 view .LVU39
 183 0032 084A     		ldr	r2, .L16
 184 0034 D2F89430 		ldr	r3, [r2, #148]
 185              	.LVL3:
 186              		.loc 1 101 14 view .LVU40
 187 0038 43F40003 		orr	r3, r3, #8388608
 188 003c C2F89430 		str	r3, [r2, #148]
 102:system/system.c **** 
 103:system/system.c ****     return reset_cause;
 189              		.loc 1 103 5 is_stmt 1 view .LVU41
 104:system/system.c **** }
 190              		.loc 1 104 1 is_stmt 0 view .LVU42
 191 0040 7047     		bx	lr
 192              	.LVL4:
 193              	.L10:
  77:system/system.c ****     }
 194              		.loc 1 77 21 view .LVU43
 195 0042 0220     		movs	r0, #2
 196 0044 F5E7     		b	.L8
 197              	.L11:
  81:system/system.c ****     }
 198              		.loc 1 81 21 view .LVU44
 199 0046 0320     		movs	r0, #3
 200 0048 F3E7     		b	.L8
 201              	.L12:
  85:system/system.c ****     }
 202              		.loc 1 85 21 view .LVU45
 203 004a 0420     		movs	r0, #4
 204 004c F1E7     		b	.L8
 205              	.L13:
  89:system/system.c ****     }
 206              		.loc 1 89 21 view .LVU46
 207 004e 0520     		movs	r0, #5
 208 0050 EFE7     		b	.L8
 209              	.L17:
 210 0052 00BF     		.align	2
 211              	.L16:
 212 0054 00100240 		.word	1073876992
 213              		.cfi_endproc
 214              	.LFE13:
 216              		.section	.text.system_set_time,"ax",%progbits
ARM GAS  /tmp/cc9dZuTd.s 			page 12


 217              		.align	1
 218              		.global	system_set_time
 219              		.syntax unified
 220              		.thumb
 221              		.thumb_func
 223              	system_set_time:
 224              	.LVL5:
 225              	.LFB14:
 105:system/system.c **** 
 106:system/system.c **** void system_set_time(sys_time_t tm)
 107:system/system.c **** {
 226              		.loc 1 107 1 is_stmt 1 view -0
 227              		.cfi_startproc
 228              		@ args = 0, pretend = 0, frame = 0
 229              		@ frame_needed = 0, uses_anonymous_args = 0
 230              		@ link register save eliminated.
 108:system/system.c ****     sys_time = tm;
 231              		.loc 1 108 5 view .LVU48
 232              		.loc 1 108 14 is_stmt 0 view .LVU49
 233 0000 014B     		ldr	r3, .L19
 234 0002 1860     		str	r0, [r3]
 109:system/system.c **** }
 235              		.loc 1 109 1 view .LVU50
 236 0004 7047     		bx	lr
 237              	.L20:
 238 0006 00BF     		.align	2
 239              	.L19:
 240 0008 00000000 		.word	sys_time
 241              		.cfi_endproc
 242              	.LFE14:
 244              		.section	.text.system_increment_time,"ax",%progbits
 245              		.align	1
 246              		.global	system_increment_time
 247              		.syntax unified
 248              		.thumb
 249              		.thumb_func
 251              	system_increment_time:
 252              	.LFB15:
 110:system/system.c **** 
 111:system/system.c **** void system_increment_time(void)
 112:system/system.c **** {
 253              		.loc 1 112 1 is_stmt 1 view -0
 254              		.cfi_startproc
 255              		@ args = 0, pretend = 0, frame = 0
 256              		@ frame_needed = 0, uses_anonymous_args = 0
 257              		@ link register save eliminated.
 113:system/system.c ****     sys_time++;
 258              		.loc 1 113 5 view .LVU52
 259              		.loc 1 113 13 is_stmt 0 view .LVU53
 260 0000 024A     		ldr	r2, .L22
 261 0002 1368     		ldr	r3, [r2]
 262 0004 0133     		adds	r3, r3, #1
 263 0006 1360     		str	r3, [r2]
 114:system/system.c **** }
 264              		.loc 1 114 1 view .LVU54
 265 0008 7047     		bx	lr
 266              	.L23:
ARM GAS  /tmp/cc9dZuTd.s 			page 13


 267 000a 00BF     		.align	2
 268              	.L22:
 269 000c 00000000 		.word	sys_time
 270              		.cfi_endproc
 271              	.LFE15:
 273              		.section	.text.system_get_time,"ax",%progbits
 274              		.align	1
 275              		.global	system_get_time
 276              		.syntax unified
 277              		.thumb
 278              		.thumb_func
 280              	system_get_time:
 281              	.LFB16:
 115:system/system.c **** 
 116:system/system.c **** sys_time_t system_get_time(void)
 117:system/system.c **** {
 282              		.loc 1 117 1 is_stmt 1 view -0
 283              		.cfi_startproc
 284              		@ args = 0, pretend = 0, frame = 0
 285              		@ frame_needed = 0, uses_anonymous_args = 0
 286              		@ link register save eliminated.
 118:system/system.c ****     return sys_time;
 287              		.loc 1 118 5 view .LVU56
 119:system/system.c **** }
 288              		.loc 1 119 1 is_stmt 0 view .LVU57
 289 0000 014B     		ldr	r3, .L25
 290 0002 1868     		ldr	r0, [r3]
 291 0004 7047     		bx	lr
 292              	.L26:
 293 0006 00BF     		.align	2
 294              	.L25:
 295 0008 00000000 		.word	sys_time
 296              		.cfi_endproc
 297              	.LFE16:
 299              		.section	.text.system_get_hw_version,"ax",%progbits
 300              		.align	1
 301              		.global	system_get_hw_version
 302              		.syntax unified
 303              		.thumb
 304              		.thumb_func
 306              	system_get_hw_version:
 307              	.LFB17:
 120:system/system.c **** 
 121:system/system.c **** sys_hw_version_t system_get_hw_version()
 122:system/system.c **** {
 308              		.loc 1 122 1 is_stmt 1 view -0
 309              		.cfi_startproc
 310              		@ args = 0, pretend = 0, frame = 0
 311              		@ frame_needed = 0, uses_anonymous_args = 0
 312 0000 10B5     		push	{r4, lr}
 313              	.LCFI1:
 314              		.cfi_def_cfa_offset 8
 315              		.cfi_offset 4, -8
 316              		.cfi_offset 14, -4
 123:system/system.c ****     gpio_pin_t bit_0_pin = GPIO_PIN_20;
 317              		.loc 1 123 5 view .LVU59
 318              	.LVL6:
ARM GAS  /tmp/cc9dZuTd.s 			page 14


 124:system/system.c ****     gpio_pin_t bit_1_pin = GPIO_PIN_21;
 319              		.loc 1 124 5 view .LVU60
 125:system/system.c **** 
 126:system/system.c ****     /* Initializing bit 0 GPIO pin */
 127:system/system.c ****     if (gpio_init(bit_0_pin, (gpio_config_t){.mode=GPIO_MODE_INPUT}) != 0)
 320              		.loc 1 127 5 view .LVU61
 321              	.LBB14:
 322              		.loc 1 127 9 is_stmt 0 view .LVU62
 323 0002 4FF00101 		mov	r1, #1
 324 0006 1420     		movs	r0, #20
 325 0008 FFF7FEFF 		bl	gpio_init
 326              	.LVL7:
 327              		.loc 1 127 8 discriminator 1 view .LVU63
 328 000c B8B9     		cbnz	r0, .L34
 329              	.LBE14:
 128:system/system.c ****     {
 129:system/system.c ****         return HW_VERSION_UNKNOWN;
 130:system/system.c ****     }
 131:system/system.c **** 
 132:system/system.c ****     /* Initializing bit 1 GPIO pin */
 133:system/system.c ****     if (gpio_init(bit_1_pin, (gpio_config_t){.mode=GPIO_MODE_INPUT}) != 0)
 330              		.loc 1 133 5 is_stmt 1 view .LVU64
 331              	.LBB15:
 332              		.loc 1 133 9 is_stmt 0 view .LVU65
 333 000e 4FF00101 		mov	r1, #1
 334 0012 1520     		movs	r0, #21
 335 0014 FFF7FEFF 		bl	gpio_init
 336              	.LVL8:
 337              		.loc 1 133 8 discriminator 1 view .LVU66
 338 0018 98B9     		cbnz	r0, .L35
 339              	.LBE15:
 134:system/system.c ****     {
 135:system/system.c ****         return HW_VERSION_UNKNOWN;
 136:system/system.c ****     }
 137:system/system.c **** 
 138:system/system.c ****     int bit_0_state = gpio_get_state(bit_0_pin);
 340              		.loc 1 138 5 is_stmt 1 view .LVU67
 341              		.loc 1 138 23 is_stmt 0 view .LVU68
 342 001a 1420     		movs	r0, #20
 343 001c FFF7FEFF 		bl	gpio_get_state
 344              	.LVL9:
 345 0020 0446     		mov	r4, r0
 346              	.LVL10:
 139:system/system.c ****     int bit_1_state = gpio_get_state(bit_1_pin);
 347              		.loc 1 139 5 is_stmt 1 view .LVU69
 348              		.loc 1 139 23 is_stmt 0 view .LVU70
 349 0022 1520     		movs	r0, #21
 350              	.LVL11:
 351              		.loc 1 139 23 view .LVU71
 352 0024 FFF7FEFF 		bl	gpio_get_state
 353              	.LVL12:
 140:system/system.c **** 
 141:system/system.c ****     if ((bit_0_state == -1) || (bit_1_state == -1))
 354              		.loc 1 141 5 is_stmt 1 view .LVU72
 355              		.loc 1 141 8 is_stmt 0 view .LVU73
 356 0028 B4F1FF3F 		cmp	r4, #-1
 357 002c 0BD0     		beq	.L31
ARM GAS  /tmp/cc9dZuTd.s 			page 15


 358              		.loc 1 141 29 discriminator 1 view .LVU74
 359 002e B0F1FF3F 		cmp	r0, #-1
 360 0032 0AD0     		beq	.L32
 142:system/system.c ****     {
 143:system/system.c ****         return HW_VERSION_UNKNOWN;
 144:system/system.c ****     }
 145:system/system.c **** 
 146:system/system.c ****     return ((uint8_t)bit_1_state << 1) | (uint8_t)bit_0_state;
 361              		.loc 1 146 5 is_stmt 1 view .LVU75
 362              		.loc 1 146 42 is_stmt 0 view .LVU76
 363 0034 64B2     		sxtb	r4, r4
 364              	.LVL13:
 365              		.loc 1 146 40 view .LVU77
 366 0036 44EA4000 		orr	r0, r4, r0, lsl #1
 367              	.LVL14:
 368              		.loc 1 146 40 view .LVU78
 369 003a C0B2     		uxtb	r0, r0
 370 003c 00E0     		b	.L29
 371              	.LVL15:
 372              	.L34:
 373              	.LBB16:
 129:system/system.c ****     }
 374              		.loc 1 129 9 is_stmt 1 view .LVU79
 129:system/system.c ****     }
 375              		.loc 1 129 16 is_stmt 0 view .LVU80
 376 003e FF20     		movs	r0, #255
 377              	.L29:
 378              	.LBE16:
 147:system/system.c **** }
 379              		.loc 1 147 1 view .LVU81
 380 0040 10BD     		pop	{r4, pc}
 381              	.L35:
 382              	.LBB17:
 135:system/system.c ****     }
 383              		.loc 1 135 9 is_stmt 1 view .LVU82
 135:system/system.c ****     }
 384              		.loc 1 135 16 is_stmt 0 view .LVU83
 385 0042 FF20     		movs	r0, #255
 386 0044 FCE7     		b	.L29
 387              	.LVL16:
 388              	.L31:
 135:system/system.c ****     }
 389              		.loc 1 135 16 view .LVU84
 390              	.LBE17:
 143:system/system.c ****     }
 391              		.loc 1 143 16 view .LVU85
 392 0046 FF20     		movs	r0, #255
 393              	.LVL17:
 143:system/system.c ****     }
 394              		.loc 1 143 16 view .LVU86
 395 0048 FAE7     		b	.L29
 396              	.LVL18:
 397              	.L32:
 143:system/system.c ****     }
 398              		.loc 1 143 16 view .LVU87
 399 004a FF20     		movs	r0, #255
 400              	.LVL19:
ARM GAS  /tmp/cc9dZuTd.s 			page 16


 143:system/system.c ****     }
 401              		.loc 1 143 16 view .LVU88
 402 004c F8E7     		b	.L29
 403              		.cfi_endproc
 404              	.LFE17:
 406              		.global	sys_time
 407              		.section	.bss.sys_time,"aw",%nobits
 408              		.align	2
 411              	sys_time:
 412 0000 00000000 		.space	4
 413              		.text
 414              	.Letext0:
 415              		.file 3 "/usr/lib/gcc/arm-none-eabi/13.2.1/include/stdint.h"
 416              		.file 4 "./stm32l476xx.h"
 417              		.file 5 "./drivers/gpio/gpio.h"
 418              		.file 6 "system/system.h"
ARM GAS  /tmp/cc9dZuTd.s 			page 17


DEFINED SYMBOLS
                            *ABS*:00000000 system.c
     /tmp/cc9dZuTd.s:21     .text.NVIC_SystemReset:00000000 $t
     /tmp/cc9dZuTd.s:26     .text.NVIC_SystemReset:00000000 NVIC_SystemReset
     /tmp/cc9dZuTd.s:95     .text.NVIC_SystemReset:0000001c $d
     /tmp/cc9dZuTd.s:101    .text.system_reset:00000000 $t
     /tmp/cc9dZuTd.s:107    .text.system_reset:00000000 system_reset
     /tmp/cc9dZuTd.s:126    .text.system_get_reset_cause:00000000 $t
     /tmp/cc9dZuTd.s:132    .text.system_get_reset_cause:00000000 system_get_reset_cause
     /tmp/cc9dZuTd.s:212    .text.system_get_reset_cause:00000054 $d
     /tmp/cc9dZuTd.s:217    .text.system_set_time:00000000 $t
     /tmp/cc9dZuTd.s:223    .text.system_set_time:00000000 system_set_time
     /tmp/cc9dZuTd.s:240    .text.system_set_time:00000008 $d
     /tmp/cc9dZuTd.s:411    .bss.sys_time:00000000 sys_time
     /tmp/cc9dZuTd.s:245    .text.system_increment_time:00000000 $t
     /tmp/cc9dZuTd.s:251    .text.system_increment_time:00000000 system_increment_time
     /tmp/cc9dZuTd.s:269    .text.system_increment_time:0000000c $d
     /tmp/cc9dZuTd.s:274    .text.system_get_time:00000000 $t
     /tmp/cc9dZuTd.s:280    .text.system_get_time:00000000 system_get_time
     /tmp/cc9dZuTd.s:295    .text.system_get_time:00000008 $d
     /tmp/cc9dZuTd.s:300    .text.system_get_hw_version:00000000 $t
     /tmp/cc9dZuTd.s:306    .text.system_get_hw_version:00000000 system_get_hw_version
     /tmp/cc9dZuTd.s:408    .bss.sys_time:00000000 $d

UNDEFINED SYMBOLS
gpio_init
gpio_get_state
